
> subbotin.dev@0.1.0 build
> next build

Γû▓ Next.js 16.1.6 (Turbopack)

  Creating an optimized production build ...
Γ£ô Compiled successfully in 1604.6ms
  Running TypeScript ...
  Collecting page data using 31 workers ...
  Generating static pages using 31 workers (0/6) ...
node.exe : Error occurr
ed prerendering page "/
blog/hello-world". Read
 more: https://nextjs.o
rg/docs/messages/preren
der-error
At line:1 char:1
+ & "C:\Program Files\n
odejs/node.exe" "C:\Pro
gram Files\nodejs/node_
mo ...
+ ~~~~~~~~~~~~~~~~~~~~~
~~~~~~~~~~~~~~~~~~~~~~~
~~~~~~~~~~~~~~~~~~~~~~~
~~
    + CategoryInfo     
         : NotSpecified
: (Err    or occurred .
..prerend    er-error:S
tring) [], R    emoteEx
ception
    + FullyQualifiedErr
orI    d : NativeComman
dError
 
Error: Attempted to cal
l createMotionComponent
() from the server but 
createMotionComponent i
s on the client. It's n
ot possible to invoke a
 client function from t
he server, it can only 
be rendered as a Compon
ent or passed to props 
of a Client Component.
    at <unknown> (D:\su
bbotin.dev\.next\server
\chunks\ssr\[root-of-th
e-server]__cff2aef2._.j
s:1:350650)
    at Object.get (D:\s
ubbotin.dev\.next\serve
r\chunks\ssr\[root-of-t
he-server]__cff2aef2._.
js:1:388319)
    at hL (D:\subbotin.
dev\.next\server\chunks
\ssr\[root-of-the-serve
r]__cff2aef2._.js:1:461
391)
    at stringify (<anon
ymous>) {
  digest: '680488397'
}
Export encountered an e
rror on /blog/[slug]/pa
ge: /blog/hello-world, 
exiting the build.
Γ¿» Next.js build worke
r exited with code: 1 a
nd signal: null
